// Jest Snapshot v1, https://goo.gl/fbAQLP

exports[`<UserItem /> renders and matches snapshot 1`] = `
<div>
  <div
    class="sc-b08aa592-2 kghpTT"
  >
    <div>
      <span
        style="box-sizing: border-box; display: inline-block; overflow: hidden; background: none; opacity: 1; border: 0px; margin: 0px; padding: 0px; position: relative; max-width: 100%;"
      >
        <span
          style="box-sizing: border-box; display: block; background: none; opacity: 1; border: 0px; margin: 0px; padding: 0px; max-width: 100%;"
        >
          <img
            alt=""
            aria-hidden="true"
            src="data:image/svg+xml,%3csvg%20xmlns=%27http://www.w3.org/2000/svg%27%20version=%271.1%27%20width=%2720%27%20height=%2720%27/%3e"
            style="display: block; max-width: 100%; background: none; opacity: 1; border: 0px; margin: 0px; padding: 0px;"
          />
        </span>
        <img
          alt="some nice faces"
          aria-label="user avatar"
          class="sc-6cb0753b-0 btFnbM"
          data-nimg="intrinsic"
          decoding="async"
          src="data:image/gif;base64,R0lGODlhAQABAIAAAAAAAP///yH5BAEAAAAALAAAAAABAAEAAAIBRAA7"
          style="position: absolute; top: 0px; left: 0px; bottom: 0px; right: 0px; box-sizing: border-box; padding: 0px; margin: auto; display: block; width: 0px; height: 0px; min-width: 100%; max-width: 100%; min-height: 100%; max-height: 100%;"
        />
        <noscript />
      </span>
    </div>
    <div
      class="right"
    >
      <a
        href="/user/Kevin.Schimmel"
      >
        <p
          class="sc-b08aa592-0 wvFcc mb"
        >
          Miss Coleman Berge
        </p>
      </a>
      <p
        class="sc-b08aa592-0 wvFcc gray"
      >
        Kevin.Schimmel
      </p>
      <p
        class="sc-b08aa592-1 eptwLV"
      >
        Laborum est possimus assumenda aut enim iure facilis ut. Iure vitae occaecati officia. Nisi ut maiores recusandae fuga reprehenderit. Non omnis consequatur enim quia autem et modi.
      </p>
      <span
        class="sc-d9d70f80-0 crKzRe"
      >
        2073 Greenholt Springs Suite 265
South Odessa, AZ 88118
      </span>
    </div>
  </div>
</div>
`;
